// Jest Snapshot v1, https://goo.gl/fbAQLP

exports[`Header render test 1`] = `
<header>
  <nav
    className="navbar navbar-expand-lg"
  >
    <div
      className="navbar-logo"
    >
      <a
        className="navbar-brand navbar-left"
        href="/home"
      >
        <img
          alt="logo"
          className="img-fluid"
          height="122"
          src="/images/rpm_logo.png"
          width="122"
        />
      </a>
    </div>
    <ul
      className="navbar-nav mr-auto"
    >
      <li
        className="nav-item active"
      >
        <Link
          className="nav-link"
          replace={false}
          to="/home"
        >
          <FontAwesomeIcon
            border={false}
            className="mr-2"
            fixedWidth={false}
            flip={null}
            icon="home"
            inverse={false}
            listItem={false}
            mask={null}
            pull={null}
            pulse={false}
            rotation={null}
            size={null}
            spin={false}
            symbol={false}
            title=""
            transform={null}
          />
          Home
        </Link>
      </li>
      <li
        className="nav-item"
      >
        <Link
          className="nav-link"
          replace={false}
          to="/features"
        >
          <FontAwesomeIcon
            border={false}
            className="mr-2"
            fixedWidth={false}
            flip={null}
            icon="star"
            inverse={false}
            listItem={false}
            mask={null}
            pull={null}
            pulse={false}
            rotation={null}
            size={null}
            spin={false}
            symbol={false}
            title=""
            transform={null}
          />
          Features
        </Link>
      </li>
      <li
        className="nav-item dropdown"
      >
        <a
          aria-expanded="false"
          aria-haspopup="true"
          className="nav-link dropdown-toggle"
          data-toggle="dropdown"
          href="#"
          id="navbar_dropdown"
          role="button"
        >
          <FontAwesomeIcon
            border={false}
            className="mr-2"
            fixedWidth={false}
            flip={null}
            icon="book"
            inverse={false}
            listItem={false}
            mask={null}
            pull={null}
            pulse={false}
            rotation={null}
            size={null}
            spin={false}
            symbol={false}
            title=""
            transform={null}
          />
          Resources
        </a>
        <div
          aria-labelledby="navbarDropdown"
          className="dropdown-menu"
        >
          <a
            className="dropdown-item"
            href="#"
          >
            Resource #1
          </a>
          <a
            className="dropdown-item"
            href="#"
          >
            Resource #2
          </a>
          <div
            className="dropdown-divider"
          />
          <Link
            className="nav-link"
            replace={false}
            to="/create"
          >
            Create Account
          </Link>
        </div>
      </li>
      <li
        className="nav-item"
      >
        <Link
          className="nav-link"
          replace={false}
          to="/help"
        >
          <FontAwesomeIcon
            border={false}
            className="mr-2"
            fixedWidth={false}
            flip={null}
            icon="question-circle"
            inverse={false}
            listItem={false}
            mask={null}
            pull={null}
            pulse={false}
            rotation={null}
            size={null}
            spin={false}
            symbol={false}
            title=""
            transform={null}
          />
          Help
        </Link>
      </li>
    </ul>
    <ul
      className="navbar-nav navbar-right"
    >
      <li
        className="bold"
      >
        <Link
          className="nav-link"
          replace={false}
          to="/login"
        >
          Log in
          <FontAwesomeIcon
            border={false}
            className="ml-2"
            fixedWidth={false}
            flip={null}
            icon="sign-in-alt"
            inverse={false}
            listItem={false}
            mask={null}
            pull={null}
            pulse={false}
            rotation={null}
            size={null}
            spin={false}
            symbol={false}
            title=""
            transform={null}
          />
        </Link>
      </li>
    </ul>
  </nav>
</header>
`;
